Optimizing Linkage Editor (V.10.02.00.000)        27-Feb-2017 21:18:38

*** Options ***

-subcommand=C:\WorkSpace\MCUCarRally\kit12_rx62t\kit12_rx62t\Debug\kit12_rx62t.hlk
-noprelink
-rom=D=R,D_1=R_1,D_2=R_2
-nomessage
-list="C:\WorkSpace\MCUCarRally\kit12_rx62t\kit12_rx62t\Debug\kit12_rx62t.map"
-nooptimize
-start=B_1,R_1,B_2,R_2,B,R,SU,SI/01000,PResetPRG/0FFFF8000,C_1,C_2,C,C$*,D*,P,PIntPRG,W*/0FFFF8100,FIXEDVECT/0FFFFFFD0
-nologo
-input="C:\WorkSpace\MCUCarRally\kit12_rx62t\kit12_rx62t\Debug\dbsct.obj"
-input="C:\WorkSpace\MCUCarRally\kit12_rx62t\kit12_rx62t\Debug\hwsetup.obj"
-input="C:\WorkSpace\MCUCarRally\kit12_rx62t\kit12_rx62t\Debug\intprg.obj"
-input="C:\WorkSpace\MCUCarRally\kit12_rx62t\kit12_rx62t\Debug\kit12_rx62t.obj"
-input="C:\WorkSpace\MCUCarRally\kit12_rx62t\kit12_rx62t\Debug\resetprg.obj"
-input="C:\WorkSpace\MCUCarRally\kit12_rx62t\kit12_rx62t\Debug\sbrk.obj"
-input="C:\WorkSpace\MCUCarRally\kit12_rx62t\kit12_rx62t\Debug\vecttbl.obj"
-library="C:\WorkSpace\MCUCarRally\kit12_rx62t\kit12_rx62t\Debug\kit12_rx62t.lib"
-output="C:\WorkSpace\MCUCarRally\kit12_rx62t\kit12_rx62t\Debug\kit12_rx62t.abs"
-end

*** Error information ***

*** Mapping List ***

SECTION                            START      END         SIZE   ALIGN

B_1
                                  00001000  00001000         0   1
R_1
                                  00001000  00001003         4   1
B_2
                                  00001004  00001004         0   2
R_2
                                  00001004  00001004         0   2
B
                                  00001004  00001417       414   4
R
                                  00001418  00001427        10   4
SU
                                  00001428  00001727       300   4
SI
                                  00001728  00001827       100   4
PResetPRG
                                  ffff8000  ffff8033        34   4
C_1
                                  ffff8100  ffff8100         0   1
C_2
                                  ffff8100  ffff8100         0   2
C
                                  ffff8100  ffff814b        4c   4
C$DSEC
                                  ffff814c  ffff816f        24   4
C$BSEC
                                  ffff8170  ffff8187        18   4
C$VECT
                                  ffff8188  ffff8587       400   4
D
                                  ffff8588  ffff8597        10   4
D_2
                                  ffff8598  ffff8598         0   2
D_1
                                  ffff8598  ffff859b         4   1
P
                                  ffff859c  ffff8e3f       8a4   4
PIntPRG
                                  ffff8e40  ffff8e4f        10   1
W_1
                                  ffff8e50  ffff8e50         0   4
W_2
                                  ffff8e50  ffff8e50         0   2
W
                                  ffff8e50  ffff8e50         0   4
FIXEDVECT
                                  ffffffd0  ffffffff        30   4
